// Jest Snapshot v1, https://goo.gl/fbAQLP

exports[`Renders App Component it should match snapshot 1`] = `
<div>
  <div
    class="App"
  >
    <div
      class="container"
    >
      <div
        class="row"
      >
        <div
          class="col-12 col-sm-10 col-md-8 col-lg-6 mx-auto"
        >
          <div
            class="card w-100 my-5 p-5"
          >
            <h1>
              Sign Up Form
            </h1>
            <form
              action=""
              class="mt-3"
            >
              <label
                class="mt-3 d-flex ml-1 w-100"
                for="name"
              >
                Name
              </label>
              <input
                class="form-control"
                id="name"
                name="name"
                placeholder="Full Name"
                type="text"
                value=""
              />
              <label
                class="mt-3 d-flex ml-1 w-100"
                for="email"
              >
                Email Address
              </label>
              <input
                class="form-control"
                id="email"
                name="email"
                placeholder="Email Address"
                type="text"
                value=""
              />
              <label
                class="mt-3 d-flex ml-1 w-100"
                for="password"
              >
                Password
              </label>
              <input
                class="form-control"
                id="password"
                name="password"
                placeholder="Password"
                type="password"
                value=""
              />
              <label
                class="mt-3 d-flex ml-1 w-100"
                for="city"
              >
                City
              </label>
              <input
                class="form-control"
                disabled=""
                id="city"
                name="city"
                placeholder="City"
                type="text"
                value=""
              />
              <button
                class="btn btn-primary w-100 mt-5"
                type="submit"
              >
                 Submit 
              </button>
            </form>
          </div>
        </div>
      </div>
    </div>
  </div>
</div>
`;
